Microchip Technology Inc, v1.61 (B)

Tool Name:
  c:\program files\microchip\xc16\v1.61\bin\bin\..\bin/elf-ld.exe

Command:
  -p24FJ1024GA606 \
  --mdfp=C:/Users/gchop/.mchp_packs/Microchip/PIC24F-GA-GB_DFP/1.4.141/xc16 \
  -o \
  dist/Debug/production/MU01.80.0001.production.elf \
  -Lc:/program files/microchip/xc16/v1.61/bin/bin/.. \
  -LC:/Users/gchop/.mchp_packs/Microchip/PIC24F-GA-GB_DFP/1.4.141/xc16/bin/../support/PIC24F/gld \
  -Lc:/program files/microchip/xc16/v1.61/bin/bin/../../lib \
  -Lc:/program files/microchip/xc16/v1.61/bin/bin/../../support/PIC24E/gld \
  -Lc:/program files/microchip/xc16/v1.61/bin/bin/../../support/PIC24F/gld \
  -Lc:/program files/microchip/xc16/v1.61/bin/bin/../../support/PIC24H/gld \
  -Lc:/program files/microchip/xc16/v1.61/bin/bin/../../support/dsPIC30F/gld \
  -Lc:/program files/microchip/xc16/v1.61/bin/bin/../../support/dsPIC33C/gld \
  -Lc:/program files/microchip/xc16/v1.61/bin/bin/../../support/dsPIC33E/gld \
  -Lc:/program files/microchip/xc16/v1.61/bin/bin/../../support/dsPIC33F/gld \
  build/Debug/production/mcc_generated_files/interrupt_manager.o \
  build/Debug/production/mcc_generated_files/traps.o \
  build/Debug/production/mcc_generated_files/pin_manager.o \
  build/Debug/production/mcc_generated_files/mcc.o \
  build/Debug/production/mcc_generated_files/i2c1.o \
  build/Debug/production/mcc_generated_files/spi1.o \
  build/Debug/production/mcc_generated_files/spi2.o \
  build/Debug/production/mcc_generated_files/spi3.o \
  build/Debug/production/mcc_generated_files/uart1.o \
  build/Debug/production/mcc_generated_files/oc1.o \
  build/Debug/production/mcc_generated_files/oc2.o \
  build/Debug/production/mcc_generated_files/oc3.o \
  build/Debug/production/mcc_generated_files/adc1.o \
  build/Debug/production/mcc_generated_files/ic1.o \
  build/Debug/production/mcc_generated_files/rtcc.o \
  build/Debug/production/mcc_generated_files/tmr2.o \
  build/Debug/production/mcc_generated_files/tmr1.o \
  build/Debug/production/main.o \
  build/Debug/production/Test_Functions.o \
  build/Debug/production/UI_Functions.o \
  build/Debug/production/Support_Functions.o \
  build/Debug/production/timers.o \
  build/Debug/production/flashmem.o \
  build/Debug/production/pushbuttons.o \
  build/Debug/production/ledboard.o \
  build/Debug/production/analog.o \
  build/Debug/production/rtc.o \
  build/Debug/production/tachometer.o \
  build/Debug/production/hw_watchdog.o \
  build/Debug/production/lcd.o \
  build/Debug/production/screensaver.o \
  build/Debug/production/rgbled.o \
  build/Debug/production/eeprom.o \
  build/Debug/production/swi.o \
  build/Debug/production/mca.o \
  build/Debug/production/rtcc.o \
  --local-stack \
  --defsym=__MPLAB_BUILD=1 \
  -Tp24FJ1024GA606.gld.00 \
  --stack=16 \
  --check-sections \
  --data-init \
  --pack-data \
  --handles \
  --isr \
  --no-gc-sections \
  --fill-upper=0 \
  --stackguard=16 \
  --no-force-link \
  --smart-io \
  -Map=dist/Debug/production/MU01.80.0001.production.map \
  --report-mem \
  --memorysummary \
  dist/Debug/production/memoryfile.xml \
  -start-group \
  --library=pic30-elf \
  --library=m-elf \
  --library=c-elf \
  -end-group \


Optional library libpPIC24Fxxx.a not found
Archive member included because of file (symbol)

c:/program files/microchip/xc16/v1.61/bin/bin/../../lib\libpic30-elf.a(crt0_extended24.o)
                              (__resetPRI)
c:/program files/microchip/xc16/v1.61/bin/bin/../../lib\libpic30-elf.a(data_init_24.o)
                              c:/program files/microchip/xc16/v1.61/bin/bin/../../lib\libpic30-elf.a(crt0_extended24.o) (__data_init_da)
c:/program files/microchip/xc16/v1.61/bin/bin/../../lib\libpic30-elf.a(crt_start_mode_normalda.eo)
                              (__crt_start_mode_normal)
c:/program files/microchip/xc16/v1.61/bin/bin/../../lib\libpic30-elf.a(delay32da.eo)
                              build/Debug/production/Test_Functions.o (___delay32)
c:/program files/microchip/xc16/v1.61/bin/bin/../../lib\libm-elf.a(addsf3.daeo)
                              build/Debug/production/Test_Functions.o (___subsf3)
c:/program files/microchip/xc16/v1.61/bin/bin/../../lib\libm-elf.a(cosf.daeo)
                              build/Debug/production/lcd.o (_cosf)
c:/program files/microchip/xc16/v1.61/bin/bin/../../lib\libm-elf.a(divsf3.daeo)
                              build/Debug/production/Test_Functions.o (___divsf3)
c:/program files/microchip/xc16/v1.61/bin/bin/../../lib\libm-elf.a(feqltle.daeo)
                              build/Debug/production/Test_Functions.o (___ltsf2)
c:/program files/microchip/xc16/v1.61/bin/bin/../../lib\libm-elf.a(fgtge.daeo)
                              build/Debug/production/Support_Functions.o (___gtsf2)
c:/program files/microchip/xc16/v1.61/bin/bin/../../lib\libm-elf.a(fixsfsi.daeo)
                              build/Debug/production/analog.o (_(float, int, long long, short, float, short, int))
[...]
Memory Configuration

Name             Origin             Length             Attributes
data             0x000800           0x008000           a !xr
FBOOT            0x801800           0x000002  
reset            0x000000           0x000004  
ivt              0x000004           0x0000fc  
program          0x000100           0x0abe00           xr
FSEC             0x0abf00           0x000002  
FBSLIM           0x0abf10           0x000002  
FSIGN            0x0abf14           0x000002  
FOSCSEL          0x0abf18           0x000002  
FOSC             0x0abf1c           0x000002  
FWDT             0x0abf20           0x000002  
FPOR             0x0abf24           0x000002  
FICD             0x0abf28           0x000002  
FDEVOPT1         0x0abf2c           0x000002  
*default*        0x000000           0xffffffff  

Linker script and memory map

LOAD build/Debug/production/mcc_generated_files/interrupt_manager.o
LOAD build/Debug/production/mcc_generated_files/traps.o
LOAD build/Debug/production/mcc_generated_files/pin_manager.o
LOAD build/Debug/production/mcc_generated_files/mcc.o
LOAD build/Debug/production/mcc_generated_files/i2c1.o
LOAD build/Debug/production/mcc_generated_files/spi1.o
LOAD build/Debug/production/mcc_generated_files/spi2.o
LOAD build/Debug/production/mcc_generated_files/spi3.o
LOAD build/Debug/production/mcc_generated_files/uart1.o
LOAD build/Debug/production/mcc_generated_files/oc1.o
LOAD build/Debug/production/mcc_generated_files/oc2.o
LOAD build/Debug/production/mcc_generated_files/oc3.o
LOAD build/Debug/production/mcc_generated_files/adc1.o
LOAD build/Debug/production/mcc_generated_files/ic1.o
LOAD build/Debug/production/mcc_generated_files/rtcc.o
LOAD build/Debug/production/mcc_generated_files/tmr2.o
LOAD build/Debug/production/mcc_generated_files/tmr1.o
LOAD build/Debug/production/main.o
LOAD build/Debug/production/Test_Functions.o
LOAD build/Debug/production/UI_Functions.o
LOAD build/Debug/production/Support_Functions.o
LOAD build/Debug/production/timers.o
LOAD build/Debug/production/flashmem.o
LOAD build/Debug/production/pushbuttons.o
LOAD build/Debug/production/ledboard.o
LOAD build/Debug/production/analog.o
LOAD build/Debug/production/rtc.o
LOAD build/Debug/production/tachometer.o
LOAD build/Debug/production/hw_watchdog.o
LOAD build/Debug/production/lcd.o
LOAD build/Debug/production/screensaver.o
LOAD build/Debug/production/rgbled.o
LOAD build/Debug/production/eeprom.o
LOAD build/Debug/production/swi.o
LOAD build/Debug/production/mca.o
LOAD build/Debug/production/rtcc.o
                    0x0001                  __MPLAB_BUILD = 0x1
LOAD pPIC24Fxxx
LOAD c:/program files/microchip/xc16/v1.61/bin/bin/../../lib\libfx-elf.a
                    0x801800                  __FBOOT = 0x801800
                    0xabf00                  __FSEC = 0xabf00
                    0xabf10                  __FBSLIM = 0xabf10
                    0xabf14                  __FSIGN = 0xabf14
                    0xabf18                  __FOSCSEL = 0xabf18
                    0xabf1c                  __FOSC = 0xabf1c
                    0xabf20                  __FWDT = 0xabf20
                    0xabf24                  __FPOR = 0xabf24
                    0xabf28                  __FICD = 0xabf28
                    0xabf2c                  __FDEVOPT1 = 0xabf2c
                    0x0100                  __CODE_BASE = 0x100
                    0xabe00                  __CODE_LENGTH = 0xabe00
                    0x0004                  __IVT_BASE = 0x4
                    0x0800                  __DATA_BASE = 0x800
                    0x8000                  __DATA_LENGTH = 0x8000

.reset            0x000000          0x4
                  0x000000          0x2 SHORT 0x100 ABSOLUTE (__reset)
                  0x000001          0x2 SHORT 0x4
                  0x000002          0x2 SHORT 0x0 ((ABSOLUTE (__reset) >> 0x10) & 0x7f)
                  0x000003          0x2 SHORT 0x0

.text             0x000100       0x35c2
 *(.init)
 .init            0x000100         0x4c c:/program files/microchip/xc16/v1.61/bin/bin/../../lib\libpic30-elf.a(crt0_extended24.o)
                  0x000100                  __resetPRI
                  0x000100                  __reset
                  0x00013c                  __psv_init
 .init            0x00014c         0xb8 c:/program files/microchip/xc16/v1.61/bin/bin/../../lib\libpic30-elf.a(data_init_24.o)
                  0x000152                  __data_init
                  0x000152                  __data_init_da
 *(.user_init)
 *(.handle)
 *(.isr*)
 .isr.text        0x000204         0x36 build/Debug/production/mcc_generated_files/traps.o
                  0x000204                  __OscillatorFail
                  0x00020e                  __StackError
                  0x00021c                  __AddressError
                  0x000226                  __MathError
                  0x000230                  __NVMError
 .isr.text        0x00023a        0x1b2 build/Debug/production/mcc_generated_files/i2c1.o
                  0x00023a                  __MI2C1Interrupt
 .isr.text        0x0003ec         0x26 build/Debug/production/mcc_generated_files/tmr2.o
                  0x0003ec                  __T2Interrupt
 .isr.text        0x000412         0x24 build/Debug/production/pushbuttons.o
                  0x000412                  __IOCInterrupt
 .isr.text        0x000436        0x178 build/Debug/production/analog.o
                  0x000436                  __ADC1Interrupt
 .isr.text        0x0005ae         0x74 build/Debug/production/rtc.o
                  0x0005ae                  __RTCCInterrupt
 .isr.text        0x000622         0x60 build/Debug/production/tachometer.o
                  0x000622                  __IC1Interrupt
 .isr             0x000682          0x4 default_isr
                  0x000682                  __DefaultInterrupt
 *(.libc)
 .libc            0x000686         0x14 c:/program files/microchip/xc16/v1.61/bin/bin/../../lib\libc-elf.a(isalpha.daeso)
                  0x000686                  _isalpha
 .libc            0x00069a         0x10 c:/program files/microchip/xc16/v1.61/bin/bin/../../lib\libc-elf.a(isspace.daeso)
                  0x00069a                  _isspace
 .libc            0x0006aa          0xe c:/program files/microchip/xc16/v1.61/bin/bin/../../lib\libc-elf.a(toupper.daeso)
                  0x0006aa                  _toupper
 *(.libm)
 *(.libdsp)
 *(.lib*)
 .libc.write      0x0006b8         0x32 build/Debug/production/mcc_generated_files/uart1.o
                  0x0006b8                  _write
 .libpic30_crt_start_mode
                  0x0006ea          0x2 c:/program files/microchip/xc16/v1.61/bin/bin/../../lib\libpic30-elf.a(crt_start_mode_normalda.eo)
                  0x0006ea                  __crt_start_mode
                  0x0006ea                  __crt_start_mode_normal
 .libm.subsf3     0x0006ec         0xbc c:/program files/microchip/xc16/v1.61/bin/bin/../../lib\libm-elf.a(addsf3.daeo)
                  0x0006ec                  ___subsf3
                  0x0006ee                  ___addsf3
 .libm.cosf       0x0007a8          0x4 c:/program files/microchip/xc16/v1.61/bin/bin/../../lib\libm-elf.a(cosf.daeo)
                  0x0007a8                  _cosf
 .libm.divfs3     0x0007ac         0x84 c:/program files/microchip/xc16/v1.61/bin/bin/../../lib\libm-elf.a(divsf3.daeo)
                  0x0007ac                  ___divsf3
 .libm.eqsf2      0x000830          0x4 c:/program files/microchip/xc16/v1.61/bin/bin/../../lib\libm-elf.a(feqltle.daeo)
                  0x000830                  ___eqsf2
                  0x000830                  ___ltsf2
                  0x000830                  ___lesf2
 .libm.gtsf2      0x000834          0x4 c:/program files/microchip/xc16/v1.61/bin/bin/../../lib\libm-elf.a(fgtge.daeo)
                  0x000834                  ___gesf2
                  0x000834                  ___gtsf2
 .libm.fixsfsi    0x000838         0x42 c:/program files/microchip/xc16/v1.61/bin/bin/../../lib\libm-elf.a(fixsfsi.daeo)
                  0x000838                  _(float, int, long long, short, float, short, int)
 .libm.fixunssfsi
                  0x00087a         0x36 c:/program files/microchip/xc16/v1.61/bin/bin/../../lib\libm-elf.a(fixunssfsi.daeo)
                  0x00087a                  ___fixunssfsi
 .libm.floatsisf
                  0x0008b0          0x6 c:/program files/microchip/xc16/v1.61/bin/bin/../../lib\libm-elf.a(floatsisf.daeo)
                  0x0008b0                  ___floatsisf
 .libm.floatunsisf
                  0x0008b6          0x4 c:/program files/microchip/xc16/v1.61/bin/bin/../../lib\libm-elf.a(floatunsisf.daeo)
                  0x0008b6                  ___floatunsisf
 .libm.fpack      0x0008ba         0x4c c:/program files/microchip/xc16/v1.61/bin/bin/../../lib\libm-elf.a(fpack.daeo)
                  0x0008ba                  __fpack
 .libm.funpack    0x000906         0x2a c:/program files/microchip/xc16/v1.61/bin/bin/../../lib\libm-elf.a(funpack.daeo)
                  0x000906                  __funpack
 .libm.funpack2
                  0x000930         0x10 c:/program files/microchip/xc16/v1.61/bin/bin/../../lib\libm-elf.a(funpack2.daeo)
                  0x000930                  __funpack2
 .libm.fPropagateNaN
                  0x000940         0x12 c:/program files/microchip/xc16/v1.61/bin/bin/../../lib\libm-elf.a(futil.daeo)
                  0x000940                  __fPropagateNaN
 .libm.fbobExit
                  0x000952          0x8 c:/program files/microchip/xc16/v1.61/bin/bin/../../lib\libm-elf.a(futil.daeo)
                  0x000952                  __fbopExit
 .libm.fbopReturnNaN
                  0x00095a          0x6 c:/program files/microchip/xc16/v1.61/bin/bin/../../lib\libm-elf.a(futil.daeo)
                  0x00095a                  __fbopReturnNaN
 .libm.mulsf3     0x000960         0x68 c:/program files/microchip/xc16/v1.61/bin/bin/../../lib\libm-elf.a(mulsf3.daeo)
                  0x000960                  ___mulsf3
 .libm.sincosf    0x0009c8         0xd2 c:/program files/microchip/xc16/v1.61/bin/bin/../../lib\libm-elf.a(sincosf.daeo)
                  0x0009c8                  __sincosf
 .libm.sinf       0x000a9a          0x4 c:/program files/microchip/xc16/v1.61/bin/bin/../../lib\libm-elf.a(sinf.daeo)
                  0x000a9a                  _sinf
 .libm.sqrtf      0x000a9e         0x6a c:/program files/microchip/xc16/v1.61/bin/bin/../../lib\libm-elf.a(sqrtf.daeo)
                  0x000a9e                  _sqrtf
 .libm.udivsi3    0x000b08         0x20 c:/program files/microchip/xc16/v1.61/bin/bin/../../lib\libm-elf.a(udivsi3.daeo)
                  0x000b08                  ___udivsi3
 .libm.umodsi3    0x000b28          0x6 c:/program files/microchip/xc16/v1.61/bin/bin/../../lib\libm-elf.a(umodsi3.daeo)
                  0x000b28                  ___umodsi3
 .libm.fcompare
                  0x000b2e         0x36 c:/program files/microchip/xc16/v1.61/bin/bin/../../lib\libm-elf.a(fcompare.daeo)
                  0x000b2e                  __fcompare
 .libm.floatdisf
                  0x000b64         0x20 c:/program files/microchip/xc16/v1.61/bin/bin/../../lib\libm-elf.a(floatdisf.daeo)
                  0x000b64                  ___floatdisf
 .libm.floatundisf
                  0x000b84         0x5e c:/program files/microchip/xc16/v1.61/bin/bin/../../lib\libm-elf.a(floatundisf.daeo)
                  0x000b84                  ___floatundisf
 .libm.fmodf      0x000be2          0x4 c:/program files/microchip/xc16/v1.61/bin/bin/../../lib\libm-elf.a(fmodf.daeo)
                  0x000be2                  _fmodf
 .libm.fmodrem    0x000be6         0x9e c:/program files/microchip/xc16/v1.61/bin/bin/../../lib\libm-elf.a(fmodrem.daeo)
                  0x000be6                  __fmodrem
 .libc.strtof     0x000c84        0x1c4 c:/program files/microchip/xc16/v1.61/bin/bin/../../lib\libc-elf.a(atof.DAeo)
                  0x000c84                  _strtof
 .libc.strtod     0x000e48          0x2 c:/program files/microchip/xc16/v1.61/bin/bin/../../lib\libc-elf.a(atof.DAeo)
                  0x000e48                  _strtod
 .libc.atof       0x000e4a          0x4 c:/program files/microchip/xc16/v1.61/bin/bin/../../lib\libc-elf.a(atof.DAeo)
                  0x000e4a                  _atof
 .libc._sprintf_cdfFnopuxX
                  0x000e4e         0x2c c:/program files/microchip/xc16/v1.61/bin/bin/../../lib\libc-elf.a(sprintf_cdfFnopuxX.DAeo)
                  0x000e4e                  __sprintf_cdfFnopuxX
                  0x000e4e                  __sprintf_cdnopuxX
                  0x000e4e                  __sprintf_fF
 .libc._printf_cdfFnopsuxX
                  0x000e7a          0xe c:/program files/microchip/xc16/v1.61/bin/bin/../../lib\libc-elf.a(printf_cdfFnopsuxX.DAelo)
                  0x000e7a                  __printf_cdfFnopuxX
                  0x000e7a                  __printf_0
                  0x000e7a                  __printf_fFs
                  0x000e7a                  __printf_s
                  0x000e7a                  __printf_cdnopuxX
                  0x000e7a                  __printf_cdfFnopsuxX
                  0x000e7a                  __printf_cdnopsuxX
 .libc.srand      0x000e88          0xe c:/program files/microchip/xc16/v1.61/bin/bin/../../lib\libc-elf.a(rand.daeo)
                  0x000e88                  _srand
 .libc.rand       0x000e96         0x26 c:/program files/microchip/xc16/v1.61/bin/bin/../../lib\libc-elf.a(rand.daeo)
                  0x000e96                  _rand
 .libc.strcat     0x000ebc         0x14 c:/program files/microchip/xc16/v1.61/bin/bin/../../lib\libc-elf.a(strcat.daeo)
                  0x000ebc                  _strcat
 .libc.strcmp     0x000ed0          0xe c:/program files/microchip/xc16/v1.61/bin/bin/../../lib\libc-elf.a(strcmp.daeo)
                  0x000ed0                  _strcmp
 .libc.strcpy     0x000ede          0xc c:/program files/microchip/xc16/v1.61/bin/bin/../../lib\libc-elf.a(strcpy.daeo)
                  0x000ede                  _strcpy
 .libc.strtoul    0x000eea        0x106 c:/program files/microchip/xc16/v1.61/bin/bin/../../lib\libc-elf.a(strtol.daeo)
                  0x000eea                  _strtoul
 .libc.strtol     0x000ff0         0x92 c:/program files/microchip/xc16/v1.61/bin/bin/../../lib\libc-elf.a(strtol.daeo)
                  0x000ff0                  _strtol
 .libc.fputc      0x001082         0x8c c:/program files/microchip/xc16/v1.61/bin/bin/../../lib\libc-elf.a(fputc.daelo)
                  0x001082                  _fputc
 .libc.memcpy     0x00110e         0x16 c:/program files/microchip/xc16/v1.61/bin/bin/../../lib\libc-elf.a(memcpy.daelo)
                  0x00110e                  _memcpy
 .libc.printf     0x001124          0xe c:/program files/microchip/xc16/v1.61/bin/bin/../../lib\libc-elf.a(printf.daelo)
                  0x001124                  _printf
 .libc.fputs      0x001132         0x26 c:/program files/microchip/xc16/v1.61/bin/bin/../../lib\libc-elf.a(puts.daelo)
                  0x001132                  _fputs
 .libc.puts       0x001158         0x14 c:/program files/microchip/xc16/v1.61/bin/bin/../../lib\libc-elf.a(puts.daelo)
                  0x001158                  _puts
 .libc.strlen     0x00116c         0x1a c:/program files/microchip/xc16/v1.61/bin/bin/../../lib\libc-elf.a(strlen.daelo)
                  0x00116c                  _strlen
 .libc.strncmp    0x001186         0x34 c:/program files/microchip/xc16/v1.61/bin/bin/../../lib\libc-elf.a(strncmp.daelo)
                  0x001186                  _strncmp
 .libc.putchar    0x0011ba          0x4 c:/program files/microchip/xc16/v1.61/bin/bin/../../lib\libc-elf.a(putchar.daelo)
                  0x0011ba                  _putchar
 .libc.fround     0x0011be         0xba c:/program files/microchip/xc16/v1.61/bin/bin/../../lib\libc-elf.a(doprnt_cdfFnopsuxX.DAelo)
 .libc.scale      0x001278         0xc4 c:/program files/microchip/xc16/v1.61/bin/bin/../../lib\libc-elf.a(doprnt_cdfFnopsuxX.DAelo)
 .libc.sputc      0x00133c         0x12 c:/program files/microchip/xc16/v1.61/bin/bin/../../lib\libc-elf.a(doprnt_cdfFnopsuxX.DAelo)
 .libc._vfprintf_cdfFnopsuxX
                  0x00134e        0x9e8 c:/program files/microchip/xc16/v1.61/bin/bin/../../lib\libc-elf.a(doprnt_cdfFnopsuxX.DAelo)
                  0x00134e                  __vfprintf_s
                  0x00134e                  __vfprintf_fF
                  0x00134e                  __vfprintf_cdfFnopsuxX
                  0x00134e                  __vfprintf_cdnopuxX
                  0x00134e                  __vfprintf_cdnopsuxX
                  0x00134e                  __vfprintf_cdfFnopuxX
                  0x00134e                  __vfprintf_0
                  0x00134e                  __vfprintf_fFs
 .libc.fround     0x001d36         0x84 c:/program files/microchip/xc16/v1.61/bin/bin/../../lib\libc-elf.a(doprnt.daelo)
 .libc.scale      0x001dba         0xaa c:/program files/microchip/xc16/v1.61/bin/bin/../../lib\libc-elf.a(doprnt.daelo)
 .libc.sputc      0x001e64         0x12 c:/program files/microchip/xc16/v1.61/bin/bin/../../lib\libc-elf.a(doprnt.daelo)
 .libc.vfprintf
                  0x001e76       0x11da c:/program files/microchip/xc16/v1.61/bin/bin/../../lib\libc-elf.a(doprnt.daelo)
                  0x001e76                  _vfprintf
 .libc._flsbuf    0x003050         0x90 c:/program files/microchip/xc16/v1.61/bin/bin/../../lib\libc-elf.a(flsbuf.daelo)
                  0x003050                  __flsbuf
 .libm.adddf3     0x0030e0         0xfc c:/program files/microchip/xc16/v1.61/bin/bin/../../lib\libm-elf.a(adddf3.daeo)
                  0x0030e0                  ___adddf3
 .libm.eqdf2      0x0031dc          0xa c:/program files/microchip/xc16/v1.61/bin/bin/../../lib\libm-elf.a(deqltle.daeo)
                  0x0031dc                  ___eqdf2
                  0x0031dc                  ___ltdf2
                  0x0031dc                  ___ledf2
 .libm.gtdf2      0x0031e6          0xa c:/program files/microchip/xc16/v1.61/bin/bin/../../lib\libm-elf.a(dgtge.daeo)
                  0x0031e6                  ___gtdf2
                  0x0031e6                  ___gedf2
 .libm.divdf3     0x0031f0         0xb4 c:/program files/microchip/xc16/v1.61/bin/bin/../../lib\libm-elf.a(divdf3.daeo)
                  0x0031f0                  ___divdf3
 .libm.nedf2      0x0032a4          0xa c:/program files/microchip/xc16/v1.61/bin/bin/../../lib\libm-elf.a(dne.daeo)
                  0x0032a4                  ___nedf2
 .libm.dpack      0x0032ae         0x58 c:/program files/microchip/xc16/v1.61/bin/bin/../../lib\libm-elf.a(dpack.daeo)
                  0x0032ae                  __dpack
 .libm.dunpack2
                  0x003306         0x32 c:/program files/microchip/xc16/v1.61/bin/bin/../../lib\libm-elf.a(dunpack2.daeo)
                  0x003306                  __dunpack2
                  0x003328                  __dreturnNaN
                  0x00332e                  __dunpack2exit
 .libm.extendsfdf2
                  0x003338         0x3e c:/program files/microchip/xc16/v1.61/bin/bin/../../lib\libm-elf.a(extendsfdf.daeo)
                  0x003338                  ___extendsfdf2
 .libm.fixunsdfdi
                  0x003376         0x62 c:/program files/microchip/xc16/v1.61/bin/bin/../../lib\libm-elf.a(fixunsdfdi.daeo)
                  0x003376                  ___fixunsdfdi
 .libm.floatunsidf
                  0x0033d8          0x4 c:/program files/microchip/xc16/v1.61/bin/bin/../../lib\libm-elf.a(floatunsidf.daeo)
                  0x0033d8                  ___floatunsidf
 .libm.nesf2      0x0033dc          0x4 c:/program files/microchip/xc16/v1.61/bin/bin/../../lib\libm-elf.a(fne.daeo)
                  0x0033dc                  ___nesf2
 .libm.frexp      0x0033e0         0x3a c:/program files/microchip/xc16/v1.61/bin/bin/../../lib\libm-elf.a(frexp.daeo)
                  0x0033e0                  _frexp
                  0x0033e0                  _frexpl
 .libm.frexpf     0x00341a          0x6 c:/program files/microchip/xc16/v1.61/bin/bin/../../lib\libm-elf.a(frexpf.daeo)
                  0x00341a                  _frexpf
 .libm.muldf3     0x003420         0xec c:/program files/microchip/xc16/v1.61/bin/bin/../../lib\libm-elf.a(muldf3.daeo)
                  0x003420                  ___muldf3
 .libm.subdf3     0x00350c          0x4 c:/program files/microchip/xc16/v1.61/bin/bin/../../lib\libm-elf.a(subdf3.daeo)
                  0x00350c                  ___subdf3
 .libm.truncdfsf2
                  0x003510         0x56 c:/program files/microchip/xc16/v1.61/bin/bin/../../lib\libm-elf.a(truncdfsf.daeo)
                  0x003510                  ___truncdfsf2
 .libm.mulsi3     0x003566          0xc c:/program files/microchip/xc16/v1.61/bin/bin/../../lib\libm-elf.a(mulsi3.daeo)
                  0x003566                  ___mulp32peds3
                  0x003566                  ___mulsi3
                  0x003566                  ___mulp32eds3
 .libm.frexpf     0x003572         0x1a c:/program files/microchip/xc16/v1.61/bin/bin/../../lib\libm-elf.a(_frexpf.daeo)
                  0x003572                  __frexpf
 .libm.dcompare
                  0x00358c         0x52 c:/program files/microchip/xc16/v1.61/bin/bin/../../lib\libm-elf.a(dcompare.daeo)
                  0x00358c                  __dcompare
 .libm.dPropagateNaN
                  0x0035de         0x1c c:/program files/microchip/xc16/v1.61/bin/bin/../../lib\libm-elf.a(dpropagateNaN.daeo)
                  0x0035de                  __dPropagateNaN
 .libm.dtype      0x0035fa         0x24 c:/program files/microchip/xc16/v1.61/bin/bin/../../lib\libm-elf.a(dtype.daeo)
                  0x0035fa                  __dtype
 .libm.dunpack    0x00361e         0x4e c:/program files/microchip/xc16/v1.61/bin/bin/../../lib\libm-elf.a(dunpack.daeo)
                  0x00361e                  __dunpack
 .libm.floatundidf
                  0x00366c         0x56 c:/program files/microchip/xc16/v1.61/bin/bin/../../lib\libm-elf.a(floatundidf.daeo)
                  0x00366c                  ___floatundidf

usercode
 *(usercode)

__FBOOT
 *(__FBOOT.sec*)

__FSEC            0x0abf00          0x2
 *(__FSEC.sec*)
 __FSEC.sec       0x0abf00          0x2 /CW/_FSEC
                  0x0abf00                  __FSEC.sec

__FBSLIM
 *(__FBSLIM.sec*)

__FSIGN
 *(__FSIGN.sec*)

__FOSCSEL
 *(__FOSCSEL.sec*)

__FOSC
 *(__FOSC.sec*)

__FWDT
 *(__FWDT.sec*)

__FPOR
 *(__FPOR.sec*)

__FICD
 *(__FICD.sec*)

__FDEVOPT1
 *(__FDEVOPT1.sec*)

.comment
 *(.comment)

.debug_info       0x000000      0x19977
 *(.debug_info)
 .debug_info      0x000000        0x953 build/Debug/production/mcc_generated_files/interrupt_manager.o
 .debug_info      0x000953        0x404 build/Debug/production/mcc_generated_files/traps.o
 .debug_info      0x000d57       0x1030 build/Debug/production/mcc_generated_files/pin_manager.o
 .debug_info      0x001d87        0x43b build/Debug/production/mcc_generated_files/mcc.o
 .debug_info      0x0021c2       0x108f build/Debug/production/mcc_generated_files/i2c1.o
 .debug_info      0x003251        0x918 build/Debug/production/mcc_generated_files/spi1.o
 .debug_info      0x003b69        0x918 build/Debug/production/mcc_generated_files/spi2.o
 .debug_info      0x004481        0x8e4 build/Debug/production/mcc_generated_files/spi3.o
 .debug_info      0x004d65        0x748 build/Debug/production/mcc_generated_files/uart1.o
 .debug_info      0x0054ad        0xb05 build/Debug/production/mcc_generated_files/oc1.o
 .debug_info      0x005fb2        0xb05 build/Debug/production/mcc_generated_files/oc2.o
 .debug_info      0x006ab7        0xaf4 build/Debug/production/mcc_generated_files/oc3.o
 .debug_info      0x0075ab        0xae8 build/Debug/production/mcc_generated_files/adc1.o
 .debug_info      0x008093        0x8d4 build/Debug/production/mcc_generated_files/ic1.o
 .debug_info      0x008967        0xb1c build/Debug/production/mcc_generated_files/rtcc.o
 .debug_info      0x009483        0x8c7 build/Debug/production/mcc_generated_files/tmr2.o
 .debug_info      0x009d4a        0x74e build/Debug/production/mcc_generated_files/tmr1.o
 .debug_info      0x00a498        0x6dc build/Debug/production/main.o
 .debug_info      0x00ab74       0x18be build/Debug/production/Test_Functions.o
 .debug_info      0x00c432       0x2048 build/Debug/production/UI_Functions.o
 .debug_info      0x00e47a        0xdec build/Debug/production/Support_Functions.o
 .debug_info      0x00f266        0xae9 build/Debug/production/timers.o
 .debug_info      0x00fd4f       0x1dc0 build/Debug/production/flashmem.o
 .debug_info      0x011b0f        0x589 build/Debug/production/pushbuttons.o
 .debug_info      0x012098        0xdfa build/Debug/production/ledboard.o
 .debug_info      0x012e92        0x8a0 build/Debug/production/analog.o
 .debug_info      0x013732        0x831 build/Debug/production/rtc.o
 .debug_info      0x013f63        0x41f build/Debug/production/tachometer.o
 .debug_info      0x014382        0x68c build/Debug/production/hw_watchdog.o
 .debug_info      0x014a0e       0x1a92 build/Debug/production/lcd.o
 .debug_info      0x0164a0        0x4a9 build/Debug/production/screensaver.o
 .debug_info      0x016949        0x64a build/Debug/production/rgbled.o
 .debug_info      0x016f93        0x607 build/Debug/production/eeprom.o
 .debug_info      0x01759a        0x667 build/Debug/production/swi.o
 .debug_info      0x017c01        0xeca build/Debug/production/mca.o
 .debug_info      0x018acb        0xeac build/Debug/production/rtcc.o
 *(.gnu.linkonce.wi.*)

.debug_abbrev     0x000000       0x3421
 *(.debug_abbrev)
 .debug_abbrev    0x000000         0xb4 build/Debug/production/mcc_generated_files/interrupt_manager.o
 .debug_abbrev    0x0000b4        0x100 build/Debug/production/mcc_generated_files/traps.o
 .debug_abbrev    0x0001b4         0x9b build/Debug/production/mcc_generated_files/pin_manager.o
 .debug_abbrev    0x00024f         0xc5 build/Debug/production/mcc_generated_files/mcc.o
 .debug_abbrev    0x000314        0x23f build/Debug/production/mcc_generated_files/i2c1.o
 .debug_abbrev    0x000553        0x154 build/Debug/production/mcc_generated_files/spi1.o
 .debug_abbrev    0x0006a7        0x154 build/Debug/production/mcc_generated_files/spi2.o
 .debug_abbrev    0x0007fb        0x154 build/Debug/production/mcc_generated_files/spi3.o
 .debug_abbrev    0x00094f        0x147 build/Debug/production/mcc_generated_files/uart1.o
 .debug_abbrev    0x000a96        0x184 build/Debug/production/mcc_generated_files/oc1.o
 .debug_abbrev    0x000c1a        0x184 build/Debug/production/mcc_generated_files/oc2.o
 .debug_abbrev    0x000d9e        0x184 build/Debug/production/mcc_generated_files/oc3.o
 .debug_abbrev    0x000f22        0x172 build/Debug/production/mcc_generated_files/adc1.o
 .debug_abbrev    0x001094        0x120 build/Debug/production/mcc_generated_files/ic1.o
 .debug_abbrev    0x0011b4        0x1a0 build/Debug/production/mcc_generated_files/rtcc.o
 .debug_abbrev    0x001354        0x192 build/Debug/production/mcc_generated_files/tmr2.o
 .debug_abbrev    0x0014e6        0x16e build/Debug/production/mcc_generated_files/tmr1.o
 .debug_abbrev    0x001654         0xb6 build/Debug/production/main.o
 .debug_abbrev    0x00170a        0x2c9 build/Debug/production/Test_Functions.o
 .debug_abbrev    0x0019d3        0x2a9 build/Debug/production/UI_Functions.o
 .debug_abbrev    0x001c7c        0x1b2 build/Debug/production/Support_Functions.o
 .debug_abbrev    0x001e2e        0x15e build/Debug/production/timers.o
 .debug_abbrev    0x001f8c        0x25a build/Debug/production/flashmem.o
 .debug_abbrev    0x0021e6        0x127 build/Debug/production/pushbuttons.o
 .debug_abbrev    0x00230d        0x25b build/Debug/production/ledboard.o
 .debug_abbrev    0x002568        0x12c build/Debug/production/analog.o
 .debug_abbrev    0x002694        0x13f build/Debug/production/rtc.o
 .debug_abbrev    0x0027d3         0xe8 build/Debug/production/tachometer.o
 .debug_abbrev    0x0028bb        0x107 build/Debug/production/hw_watchdog.o
 .debug_abbrev    0x0029c2        0x28d build/Debug/production/lcd.o
 .debug_abbrev    0x002c4f         0xaa build/Debug/production/screensaver.o
 .debug_abbrev    0x002cf9         0xf6 build/Debug/production/rgbled.o
 .debug_abbrev    0x002def        0x132 build/Debug/production/eeprom.o
 .debug_abbrev    0x002f21        0x14b build/Debug/production/swi.o
 .debug_abbrev    0x00306c        0x1bd build/Debug/production/mca.o
 .debug_abbrev    0x003229        0x1f8 build/Debug/production/rtcc.o

.debug_line       0x000000       0x41d1
 *(.debug_line)
 .debug_line      0x000000        0x111 build/Debug/production/mcc_generated_files/interrupt_manager.o
 .debug_line      0x000111        0x12f build/Debug/production/mcc_generated_files/traps.o
 .debug_line      0x000240        0x141 build/Debug/production/mcc_generated_files/pin_manager.o
 .debug_line      0x000381        0x11c build/Debug/production/mcc_generated_files/mcc.o
 .debug_line      0x00049d        0x1c7 build/Debug/production/mcc_generated_files/i2c1.o
 .debug_line      0x000664        0x15c build/Debug/production/mcc_generated_files/spi1.o
 .debug_line      0x0007c0        0x15c build/Debug/production/mcc_generated_files/spi2.o
 .debug_line      0x00091c        0x15c build/Debug/production/mcc_generated_files/spi3.o
 .debug_line      0x000a78        0x130 build/Debug/production/mcc_generated_files/uart1.o
 .debug_line      0x000ba8        0x13e build/Debug/production/mcc_generated_files/oc1.o
 .debug_line      0x000ce6        0x13e build/Debug/production/mcc_generated_files/oc2.o
 .debug_line      0x000e24        0x13e build/Debug/production/mcc_generated_files/oc3.o
 .debug_line      0x000f62        0x128 build/Debug/production/mcc_generated_files/adc1.o
 .debug_line      0x00108a        0x115 build/Debug/production/mcc_generated_files/ic1.o
 .debug_line      0x00119f        0x1a4 build/Debug/production/mcc_generated_files/rtcc.o
 .debug_line      0x001343        0x137 build/Debug/production/mcc_generated_files/tmr2.o
 .debug_line      0x00147a        0x11f build/Debug/production/mcc_generated_files/tmr1.o
 .debug_line      0x001599         0xf8 build/Debug/production/main.o
 .debug_line      0x001691        0x51c build/Debug/production/Test_Functions.o
 .debug_line      0x001bad        0x570 build/Debug/production/UI_Functions.o
 .debug_line      0x00211d        0x224 build/Debug/production/Support_Functions.o
 .debug_line      0x002341        0x12d build/Debug/production/timers.o
 .debug_line      0x00246e        0x55a build/Debug/production/flashmem.o
 .debug_line      0x0029c8        0x141 build/Debug/production/pushbuttons.o
 .debug_line      0x002b09        0x306 build/Debug/production/ledboard.o
 .debug_line      0x002e0f        0x180 build/Debug/production/analog.o
 .debug_line      0x002f8f        0x13d build/Debug/production/rtc.o
 .debug_line      0x0030cc        0x118 build/Debug/production/tachometer.o
 .debug_line      0x0031e4        0x176 build/Debug/production/hw_watchdog.o
 .debug_line      0x00335a        0x312 build/Debug/production/lcd.o
 .debug_line      0x00366c         0xb7 build/Debug/production/screensaver.o
 .debug_line      0x003723        0x17c build/Debug/production/rgbled.o
 .debug_line      0x00389f        0x1f3 build/Debug/production/eeprom.o
 .debug_line      0x003a92        0x162 build/Debug/production/swi.o
 .debug_line      0x003bf4        0x2f9 build/Debug/production/mca.o
 .debug_line      0x003eed        0x2e4 build/Debug/production/rtcc.o

.debug_frame      0x000000       0x4f9e
 *(.debug_frame)
 .debug_frame     0x000000         0x24 build/Debug/production/mcc_generated_files/interrupt_manager.o
 .debug_frame     0x000024         0x84 build/Debug/production/mcc_generated_files/traps.o
 .debug_frame     0x0000a8         0x24 build/Debug/production/mcc_generated_files/pin_manager.o
 .debug_frame     0x0000cc         0x34 build/Debug/production/mcc_generated_files/mcc.o
 .debug_frame     0x000100        0x10c build/Debug/production/mcc_generated_files/i2c1.o
 .debug_frame     0x00020c         0xaa build/Debug/production/mcc_generated_files/spi1.o
 .debug_frame     0x0002b6         0xaa build/Debug/production/mcc_generated_files/spi2.o
 .debug_frame     0x000360         0xa4 build/Debug/production/mcc_generated_files/spi3.o
 .debug_frame     0x000404         0x64 build/Debug/production/mcc_generated_files/uart1.o
 .debug_frame     0x000468        0x114 build/Debug/production/mcc_generated_files/oc1.o
 .debug_frame     0x00057c        0x114 build/Debug/production/mcc_generated_files/oc2.o
 .debug_frame     0x000690        0x114 build/Debug/production/mcc_generated_files/oc3.o
 .debug_frame     0x0007a4         0x84 build/Debug/production/mcc_generated_files/adc1.o
 .debug_frame     0x000828         0xa4 build/Debug/production/mcc_generated_files/ic1.o
 .debug_frame     0x0008cc        0x102 build/Debug/production/mcc_generated_files/rtcc.o
 .debug_frame     0x0009ce         0xf8 build/Debug/production/mcc_generated_files/tmr2.o
 .debug_frame     0x000ac6         0xc4 build/Debug/production/mcc_generated_files/tmr1.o
 .debug_frame     0x000b8a         0x24 build/Debug/production/main.o
 .debug_frame     0x000bae        0xcc2 build/Debug/production/Test_Functions.o
 .debug_frame     0x001870        0x88e build/Debug/production/UI_Functions.o
 .debug_frame     0x0020fe        0x38a build/Debug/production/Support_Functions.o
 .debug_frame     0x002488         0x9e build/Debug/production/timers.o
 .debug_frame     0x002526        0xa24 build/Debug/production/flashmem.o
 .debug_frame     0x002f4a         0xa6 build/Debug/production/pushbuttons.o
 .debug_frame     0x002ff0        0x5a2 build/Debug/production/ledboard.o
 .debug_frame     0x003592        0x1c6 build/Debug/production/analog.o
 .debug_frame     0x003758        0x118 build/Debug/production/rtc.o
 .debug_frame     0x003870         0x9e build/Debug/production/tachometer.o
 .debug_frame     0x00390e        0x152 build/Debug/production/hw_watchdog.o
 .debug_frame     0x003a60        0x378 build/Debug/production/lcd.o
 .debug_frame     0x003dd8         0xb0 build/Debug/production/screensaver.o
 .debug_frame     0x003e88        0x1a0 build/Debug/production/rgbled.o
 .debug_frame     0x004028        0x244 build/Debug/production/eeprom.o
 .debug_frame     0x00426c        0x112 build/Debug/production/swi.o
 .debug_frame     0x00437e        0x736 build/Debug/production/mca.o
 .debug_frame     0x004ab4        0x4ea build/Debug/production/rtcc.o

.debug_str        0x000000        0xdb0
 *(.debug_str)
 .debug_str       0x000000         0x25 build/Debug/production/mcc_generated_files/interrupt_manager.o
 .debug_str       0x000025         0x18 build/Debug/production/mcc_generated_files/traps.o
 .debug_str       0x00003d         0xc0 build/Debug/production/mcc_generated_files/pin_manager.o
 .debug_str       0x0000fd         0x1d build/Debug/production/mcc_generated_files/mcc.o
 .debug_str       0x00011a         0x5d build/Debug/production/mcc_generated_files/i2c1.o
 .debug_str       0x000177         0xac build/Debug/production/mcc_generated_files/spi1.o
 .debug_str       0x000223         0xac build/Debug/production/mcc_generated_files/spi2.o
 .debug_str       0x0002cf         0xa3 build/Debug/production/mcc_generated_files/spi3.o
 .debug_str       0x000372         0x15 build/Debug/production/mcc_generated_files/uart1.o
 .debug_str       0x000387         0x38 build/Debug/production/mcc_generated_files/oc1.o
 .debug_str       0x0003bf         0x38 build/Debug/production/mcc_generated_files/oc2.o
 .debug_str       0x0003f7         0x38 build/Debug/production/mcc_generated_files/oc3.o
 .debug_str       0x00042f         0x5a build/Debug/production/mcc_generated_files/adc1.o
 .debug_str       0x000489         0x2a build/Debug/production/mcc_generated_files/ic1.o
 .debug_str       0x0004b3         0xda build/Debug/production/mcc_generated_files/rtcc.o
 .debug_str       0x00058d         0x1c build/Debug/production/mcc_generated_files/tmr2.o
 .debug_str       0x0005a9         0x13 build/Debug/production/mcc_generated_files/tmr1.o
 .debug_str       0x0005bc         0x27 build/Debug/production/main.o
 .debug_str       0x0005e3         0xd6 build/Debug/production/Test_Functions.o
 .debug_str       0x0006b9         0xfb build/Debug/production/UI_Functions.o
 .debug_str       0x0007b4         0x4e build/Debug/production/Support_Functions.o
 .debug_str       0x000802         0x25 build/Debug/production/timers.o
 .debug_str       0x000827        0x152 build/Debug/production/flashmem.o
 .debug_str       0x000979         0x1d build/Debug/production/pushbuttons.o
 .debug_str       0x000996         0xa8 build/Debug/production/ledboard.o
 .debug_str       0x000a3e         0x42 build/Debug/production/analog.o
 .debug_str       0x000a80         0x46 build/Debug/production/rtc.o
 .debug_str       0x000ac6          0x9 build/Debug/production/tachometer.o
 .debug_str       0x000acf         0x64 build/Debug/production/hw_watchdog.o
 .debug_str       0x000b33         0xd5 build/Debug/production/lcd.o
 .debug_str       0x000c08         0x14 build/Debug/production/rgbled.o
 .debug_str       0x000c1c         0x3f build/Debug/production/eeprom.o
 .debug_str       0x000c5b         0x27 build/Debug/production/swi.o
 .debug_str       0x000c82         0xcc build/Debug/production/mca.o
 .debug_str       0x000d4e         0x62 build/Debug/production/rtcc.o

.debug_loc
 *(.debug_loc)

.debug_macinfo
 *(.debug_macinfo)

.debug_pubnames
                  0x000000       0x20f0
 *(.debug_pubnames)
 .debug_pubnames
                  0x000000         0x2b build/Debug/production/mcc_generated_files/interrupt_manager.o
 .debug_pubnames
                  0x00002b         0x7d build/Debug/production/mcc_generated_files/traps.o
 .debug_pubnames
                  0x0000a8         0x2d build/Debug/production/mcc_generated_files/pin_manager.o
 .debug_pubnames
                  0x0000d5         0x42 build/Debug/production/mcc_generated_files/mcc.o
 .debug_pubnames
                  0x000117        0x103 build/Debug/production/mcc_generated_files/i2c1.o
 .debug_pubnames
                  0x00021a         0xb0 build/Debug/production/mcc_generated_files/spi1.o
 .debug_pubnames
                  0x0002ca         0xb0 build/Debug/production/mcc_generated_files/spi2.o
 .debug_pubnames
                  0x00037a         0xae build/Debug/production/mcc_generated_files/spi3.o
 .debug_pubnames
                  0x000428         0x64 build/Debug/production/mcc_generated_files/uart1.o
 .debug_pubnames
                  0x00048c        0x192 build/Debug/production/mcc_generated_files/oc1.o
 .debug_pubnames
                  0x00061e        0x192 build/Debug/production/mcc_generated_files/oc2.o
 .debug_pubnames
                  0x0007b0        0x192 build/Debug/production/mcc_generated_files/oc3.o
 .debug_pubnames
                  0x000942         0xb8 build/Debug/production/mcc_generated_files/adc1.o
 .debug_pubnames
                  0x0009fa         0xe5 build/Debug/production/mcc_generated_files/ic1.o
 .debug_pubnames
                  0x000adf         0xdf build/Debug/production/mcc_generated_files/rtcc.o
 .debug_pubnames
                  0x000bbe        0x11f build/Debug/production/mcc_generated_files/tmr2.o
 .debug_pubnames
                  0x000cdd        0x11a build/Debug/production/mcc_generated_files/tmr1.o
 .debug_pubnames
                  0x000df7         0x1b build/Debug/production/main.o
 .debug_pubnames
                  0x000e12         0x59 build/Debug/production/Test_Functions.o
 .debug_pubnames
                  0x000e6b         0xe5 build/Debug/production/UI_Functions.o
 .debug_pubnames
                  0x000f50        0x1ad build/Debug/production/Support_Functions.o
 .debug_pubnames
                  0x0010fd         0x9e build/Debug/production/timers.o
 .debug_pubnames
                  0x00119b        0x1a5 build/Debug/production/flashmem.o
 .debug_pubnames
                  0x001340         0x4d build/Debug/production/pushbuttons.o
 .debug_pubnames
                  0x00138d        0x129 build/Debug/production/ledboard.o
 .debug_pubnames
                  0x0014b6         0xca build/Debug/production/analog.o
 .debug_pubnames
                  0x001580        0x1e3 build/Debug/production/rtc.o
 .debug_pubnames
                  0x001763         0x4e build/Debug/production/tachometer.o
 .debug_pubnames
                  0x0017b1         0x9e build/Debug/production/hw_watchdog.o
 .debug_pubnames
                  0x00184f        0x15f build/Debug/production/lcd.o
 .debug_pubnames
                  0x0019ae         0xce build/Debug/production/screensaver.o
 .debug_pubnames
                  0x001a7c         0x4e build/Debug/production/rgbled.o
 .debug_pubnames
                  0x001aca         0xc3 build/Debug/production/eeprom.o
 .debug_pubnames
                  0x001b8d         0xf3 build/Debug/production/swi.o
 .debug_pubnames
                  0x001c80        0x2a1 build/Debug/production/mca.o
 .debug_pubnames
                  0x001f21        0x1cf build/Debug/production/rtcc.o

.debug_ranges
 *(.debug_ranges)

.debug_aranges    0x000000        0x368
 *(.debug_aranges)
 .debug_aranges
                  0x000000         0x18 build/Debug/production/mcc_generated_files/interrupt_manager.o
 .debug_aranges
                  0x000018         0x18 build/Debug/production/mcc_generated_files/traps.o
 .debug_aranges
                  0x000030         0x18 build/Debug/production/mcc_generated_files/pin_manager.o
 .debug_aranges
                  0x000048         0x18 build/Debug/production/mcc_generated_files/mcc.o
 .debug_aranges
                  0x000060         0x18 build/Debug/production/mcc_generated_files/i2c1.o
 .debug_aranges
                  0x000078         0x18 build/Debug/production/mcc_generated_files/spi1.o
 .debug_aranges
                  0x000090         0x18 build/Debug/production/mcc_generated_files/spi2.o
 .debug_aranges
                  0x0000a8         0x18 build/Debug/production/mcc_generated_files/spi3.o
 .debug_aranges
                  0x0000c0         0x20 build/Debug/production/mcc_generated_files/uart1.o
 .debug_aranges
                  0x0000e0         0x18 build/Debug/production/mcc_generated_files/oc1.o
 .debug_aranges
                  0x0000f8         0x18 build/Debug/production/mcc_generated_files/oc2.o
 .debug_aranges
                  0x000110         0x18 build/Debug/production/mcc_generated_files/oc3.o
 .debug_aranges
                  0x000128         0x18 build/Debug/production/mcc_generated_files/adc1.o
 .debug_aranges
                  0x000140         0x18 build/Debug/production/mcc_generated_files/ic1.o
 .debug_aranges
                  0x000158         0x18 build/Debug/production/mcc_generated_files/rtcc.o
 .debug_aranges
                  0x000170         0x18 build/Debug/production/mcc_generated_files/tmr2.o
 .debug_aranges
                  0x000188         0x18 build/Debug/production/mcc_generated_files/tmr1.o
 .debug_aranges
                  0x0001a0         0x18 build/Debug/production/main.o
 .debug_aranges
                  0x0001b8         0x18 build/Debug/production/Test_Functions.o
 .debug_aranges
                  0x0001d0         0x18 build/Debug/production/UI_Functions.o
 .debug_aranges
                  0x0001e8         0x18 build/Debug/production/Support_Functions.o
 .debug_aranges
                  0x000200         0x18 build/Debug/production/timers.o
 .debug_aranges
                  0x000218         0x18 build/Debug/production/flashmem.o
 .debug_aranges
                  0x000230         0x18 build/Debug/production/pushbuttons.o
 .debug_aranges
                  0x000248         0x18 build/Debug/production/ledboard.o
 .debug_aranges
                  0x000260         0x18 build/Debug/production/analog.o
 .debug_aranges
                  0x000278         0x18 build/Debug/production/rtc.o
 .debug_aranges
                  0x000290         0x18 build/Debug/production/tachometer.o
 .debug_aranges
                  0x0002a8         0x18 build/Debug/production/hw_watchdog.o
 .debug_aranges
                  0x0002c0         0x18 build/Debug/production/lcd.o
 .debug_aranges
                  0x0002d8         0x18 build/Debug/production/screensaver.o
 .debug_aranges
                  0x0002f0         0x18 build/Debug/production/rgbled.o
 .debug_aranges
                  0x000308         0x18 build/Debug/production/eeprom.o
 .debug_aranges
                  0x000320         0x18 build/Debug/production/swi.o
 .debug_aranges
                  0x000338         0x18 build/Debug/production/mca.o
 .debug_aranges
                  0x000350         0x18 build/Debug/production/rtcc.o
                    0x0000                  WREG0 = 0x0
                    0x0000                  _WREG0 = 0x0
                    0x0002                  WREG1 = 0x2
                    0x0002                  _WREG1 = 0x2
                    0x0004                  WREG2 = 0x4
                    0x0004                  _WREG2 = 0x4
                    0x0006                  WREG3 = 0x6
                    0x0006                  _WREG3 = 0x6
                    0x0008                  WREG4 = 0x8
                    0x0008                  _WREG4 = 0x8
                    0x000a                  WREG5 = 0xa
                    0x000a                  _WREG5 = 0xa
                    0x000c                  WREG6 = 0xc
                    0x000c                  _WREG6 = 0xc
                    0x000e                  WREG7 = 0xe
                    0x000e                  _WREG7 = 0xe
                    0x0010                  WREG8 = 0x10
                    0x0010                  _WREG8 = 0x10
                    0x0012                  WREG9 = 0x12
                    0x0012                  _WREG9 = 0x12
                    0x0014                  WREG10 = 0x14
                    0x0014                  _WREG10 = 0x14
                    0x0016                  WREG11 = 0x16
                    0x0016                  _WREG11 = 0x16
                    0x0018                  WREG12 = 0x18
                    0x0018                  _WREG12 = 0x18
                    0x001a                  WREG13 = 0x1a
                    0x001a                  _WREG13 = 0x1a
                    0x001c                  WREG14 = 0x1c
                    0x001c                  _WREG14 = 0x1c
                    0x001e                  WREG15 = 0x1e
                    0x001e                  _WREG15 = 0x1e
                    0x0020                  SPLIM = 0x20
                    0x0020                  _SPLIM = 0x20
                    0x002e                  PCL = 0x2e
                    0x002e                  _PCL = 0x2e
                    0x0030                  PCH = 0x30
                    0x0030                  _PCH = 0x30
                    0x0032                  DSRPAG = 0x32
                    0x0032                  _DSRPAG = 0x32
                    0x0032                  _DSRPAGbits = 0x32
                    0x0034                  DSWPAG = 0x34
                    0x0034                  _DSWPAG = 0x34
                    0x0034                  _DSWPAGbits = 0x34
                    0x0036                  RCOUNT = 0x36
                    0x0036                  _RCOUNT = 0x36
                    0x0042                  SR = 0x42
                    0x0042                  _SR = 0x42
                    0x0042                  _SRbits = 0x42
                    0x0044                  CORCON = 0x44
                    0x0044                  _CORCON = 0x44
                    0x0044                  _CORCONbits = 0x44
                    0x0052                  DISICNT = 0x52
                    0x0052                  _DISICNT = 0x52
                    0x0052                  _DISICNTbits = 0x52
                    0x0054                  TBLPAG = 0x54
                    0x0054                  _TBLPAG = 0x54
                    0x0054                  _TBLPAGbits = 0x54
                    0x0080                  INTCON1 = 0x80
                    0x0080                  _INTCON1 = 0x80
                    0x0080                  _INTCON1bits = 0x80
                    0x0082                  INTCON2 = 0x82
                    0x0082                  _INTCON2 = 0x82
                    0x0082                  _INTCON2bits = 0x82
                    0x0086                  INTCON4 = 0x86
                    0x0086                  _INTCON4 = 0x86
                    0x0086                  _INTCON4bits = 0x86
                    0x0088                  IFS0 = 0x88
                    0x0088                  _IFS0 = 0x88
                    0x0088                  _IFS0bits = 0x88
                    0x008a                  IFS1 = 0x8a
                    0x008a                  _IFS1 = 0x8a
                    0x008a                  _IFS1bits = 0x8a
                    0x008c                  IFS2 = 0x8c
                    0x008c                  _IFS2 = 0x8c
                    0x008c                  _IFS2bits = 0x8c
                    0x008e                  IFS3 = 0x8e
                    0x008e                  _IFS3 = 0x8e
                    0x008e                  _IFS3bits = 0x8e
                    0x0090                  IFS4 = 0x90
                    0x0090                  _IFS4 = 0x90
                    0x0090                  _IFS4bits = 0x90
                    0x0092                  IFS5 = 0x92
                    0x0092                  _IFS5 = 0x92
                    0x0092                  _IFS5bits = 0x92
                    0x0094                  IFS6 = 0x94
                    0x0094                  _IFS6 = 0x94
                    0x0094                  _IFS6bits = 0x94
                    0x0096                  IFS7 = 0x96
                    0x0096                  _IFS7 = 0x96
                    0x0096                  _IFS7bits = 0x96
                    0x0098                  IEC0 = 0x98
                    0x0098                  _IEC0 = 0x98
                    0x0098                  _IEC0bits = 0x98
                    0x009a                  IEC1 = 0x9a
                    0x009a                  _IEC1 = 0x9a
                    0x009a                  _IEC1bits = 0x9a
                    0x009c                  IEC2 = 0x9c
                    0x009c                  _IEC2 = 0x9c
                    0x009c                  _IEC2bits = 0x9c
                    0x009e                  IEC3 = 0x9e
                    0x009e                  _IEC3 = 0x9e
                    0x009e                  _IEC3bits = 0x9e
                    0x00a0                  IEC4 = 0xa0
                    0x00a0                  _IEC4 = 0xa0
                    0x00a0                  _IEC4bits = 0xa0
                    0x00a2                  IEC5 = 0xa2
                    0x00a2                  _IEC5 = 0xa2
                    0x00a2                  _IEC5bits = 0xa2
                    0x00a4                  IEC6 = 0xa4
                    0x00a4                  _IEC6 = 0xa4
                    0x00a4                  _IEC6bits = 0xa4
                    0x00a6                  IEC7 = 0xa6
                    0x00a6                  _IEC7 = 0xa6
                    0x00a6                  _IEC7bits = 0xa6
                    0x00a8                  IPC0 = 0xa8
                    0x00a8                  _IPC0 = 0xa8
                    0x00a8                  _IPC0bits = 0xa8
                    0x00aa                  IPC1 = 0xaa
                    0x00aa                  _IPC1 = 0xaa
                    0x00aa                  _IPC1bits = 0xaa
                    0x00ac                  IPC2 = 0xac
                    0x00ac                  _IPC2 = 0xac
                    0x00ac                  _IPC2bits = 0xac
                    0x00ae                  IPC3 = 0xae
                    0x00ae                  _IPC3 = 0xae
                    0x00ae                  _IPC3bits = 0xae
                    0x00b0                  IPC4 = 0xb0
                    0x00b0                  _IPC4 = 0xb0
                    0x00b0                  _IPC4bits = 0xb0
                    0x00b2                  IPC5 = 0xb2
                    0x00b2                  _IPC5 = 0xb2
                    0x00b2                  _IPC5bits = 0xb2
                    0x00b4                  IPC6 = 0xb4
                    0x00b4                  _IPC6 = 0xb4
                    0x00b4                  _IPC6bits = 0xb4
                    0x00b6                  IPC7 = 0xb6
                    0x00b6                  _IPC7 = 0xb6
                    0x00b6                  _IPC7bits = 0xb6
                    0x00b8                  IPC8 = 0xb8
                    0x00b8                  _IPC8 = 0xb8
                    0x00b8                  _IPC8bits = 0xb8
                    0x00ba                  IPC9 = 0xba
                    0x00ba                  _IPC9 = 0xba
                    0x00ba                  _IPC9bits = 0xba
                    0x00bc                  IPC10 = 0xbc
                    0x00bc                  _IPC10 = 0xbc
                    0x00bc                  _IPC10bits = 0xbc
                    0x00be                  IPC11 = 0xbe
                    0x00be                  _IPC11 = 0xbe
                    0x00be                  _IPC11bits = 0xbe
                    0x00c0                  IPC12 = 0xc0
                    0x00c0                  _IPC12 = 0xc0
                    0x00c0                  _IPC12bits = 0xc0
                    0x00c2                  IPC13 = 0xc2
                    0x00c2                  _IPC13 = 0xc2
                    0x00c2                  _IPC13bits = 0xc2
                    0x00c4                  IPC14 = 0xc4
                    0x00c4                  _IPC14 = 0xc4
                    0x00c4                  _IPC14bits = 0xc4
                    0x00c6                  IPC15 = 0xc6
                    0x00c6                  _IPC15 = 0xc6
                    0x00c6                  _IPC15bits = 0xc6
                    0x00c8                  IPC16 = 0xc8
                    0x00c8                  _IPC16 = 0xc8
                    0x00c8                  _IPC16bits = 0xc8
                    0x00ca                  IPC17 = 0xca
                    0x00ca                  _IPC17 = 0xca
                    0x00ca                  _IPC17bits = 0xca
                    0x00cc                  IPC18 = 0xcc
                    0x00cc                  _IPC18 = 0xcc
                    0x00cc                  _IPC18bits = 0xcc
                    0x00ce                  IPC19 = 0xce
                    0x00ce                  _IPC19 = 0xce
                    0x00ce                  _IPC19bits = 0xce
                    0x00d0                  IPC20 = 0xd0
                    0x00d0                  _IPC20 = 0xd0
                    0x00d0                  _IPC20bits = 0xd0
                    0x00d2                  IPC21 = 0xd2
                    0x00d2                  _IPC21 = 0xd2
                    0x00d2                  _IPC21bits = 0xd2
                    0x00d4                  IPC22 = 0xd4
                    0x00d4                  _IPC22 = 0xd4
                    0x00d4                  _IPC22bits = 0xd4
                    0x00d6                  IPC23 = 0xd6
                    0x00d6                  _IPC23 = 0xd6
                    0x00d6                  _IPC23bits = 0xd6
                    0x00d8                  IPC24 = 0xd8
                    0x00d8                  _IPC24 = 0xd8
                    0x00d8                  _IPC24bits = 0xd8
                    0x00da                  IPC25 = 0xda
                    0x00da                  _IPC25 = 0xda
                    0x00da                  _IPC25bits = 0xda
                    0x00dc                  IPC26 = 0xdc
                    0x00dc                  _IPC26 = 0xdc
                    0x00dc                  _IPC26bits = 0xdc
                    0x00de                  IPC27 = 0xde
                    0x00de                  _IPC27 = 0xde
                    0x00de                  _IPC27bits = 0xde
                    0x00e0                  IPC28 = 0xe0
                    0x00e0                  _IPC28 = 0xe0
                    0x00e0                  _IPC28bits = 0xe0
                    0x00e2                  IPC29 = 0xe2
                    0x00e2                  _IPC29 = 0xe2
                    0x00e2                  _IPC29bits = 0xe2
                    0x00e4                  INTTREG = 0xe4
                    0x00e4                  _INTTREG = 0xe4
                    0x00e4                  _INTTREGbits = 0xe4
                    0x0100                  OSCCON = 0x100
                    0x0100                  _OSCCON = 0x100
                    0x0100                  _OSCCONbits = 0x100
                    0x0100                  OSCCONL = 0x100
                    0x0100                  _OSCCONL = 0x100
                    0x0101                  OSCCONH = 0x101
                    0x0101                  _OSCCONH = 0x101
                    0x0102                  CLKDIV = 0x102
                    0x0102                  _CLKDIV = 0x102
                    0x0102                  _CLKDIVbits = 0x102
                    0x0106                  OSCTUN = 0x106
                    0x0106                  _OSCTUN = 0x106
                    0x0106                  _OSCTUNbits = 0x106
                    0x0108                  DCOTUN = 0x108
                    0x0108                  _DCOTUN = 0x108
                    0x0108                  _DCOTUNbits = 0x108
                    0x010a                  DCOCON = 0x10a
                    0x010a                  _DCOCON = 0x10a
                    0x010a                  _DCOCONbits = 0x10a
                    0x010c                  OSCDIV = 0x10c
                    0x010c                  _OSCDIV = 0x10c
                    0x010c                  _OSCDIVbits = 0x10c
                    0x010e                  OSCFDIV = 0x10e
                    0x010e                  _OSCFDIV = 0x10e
                    0x010e                  _OSCFDIVbits = 0x10e
                    0x0110                  RCON = 0x110
                    0x0110                  _RCON = 0x110
                    0x0110                  _RCONbits = 0x110
                    0x0114                  HLVDCON = 0x114
                    0x0114                  _HLVDCON = 0x114
                    0x0114                  _HLVDCONbits = 0x114
                    0x0128                  PMCON1 = 0x128
                    0x0128                  _PMCON1 = 0x128
                    0x0128                  _PMCON1bits = 0x128
                    0x012a                  PMCON2 = 0x12a
                    0x012a                  _PMCON2 = 0x12a
                    0x012a                  _PMCON2bits = 0x12a
                    0x012c                  PMCON3 = 0x12c
                    0x012c                  _PMCON3 = 0x12c
                    0x012c                  _PMCON3bits = 0x12c
                    0x012e                  PMCON4 = 0x12e
                    0x012e                  _PMCON4 = 0x12e
                    0x012e                  _PMCON4bits = 0x12e
                    0x0130                  PMCS1CF = 0x130
                    0x0130                  _PMCS1CF = 0x130
                    0x0130                  _PMCS1CFbits = 0x130
                    0x0132                  PMCS1BS = 0x132
                    0x0132                  _PMCS1BS = 0x132
                    0x0132                  _PMCS1BSbits = 0x132
                    0x0134                  PMCS1MD = 0x134
                    0x0134                  _PMCS1MD = 0x134
                    0x0134                  _PMCS1MDbits = 0x134
                    0x0136                  PMCS2CF = 0x136
                    0x0136                  _PMCS2CF = 0x136
                    0x0136                  _PMCS2CFbits = 0x136
                    0x0138                  PMCS2BS = 0x138
                    0x0138                  _PMCS2BS = 0x138
                    0x0138                  _PMCS2BSbits = 0x138
                    0x013a                  PMCS2MD = 0x13a
                    0x013a                  _PMCS2MD = 0x13a
                    0x013a                  _PMCS2MDbits = 0x13a
                    0x013c                  PMDOUT1 = 0x13c
                    0x013c                  _PMDOUT1 = 0x13c
                    0x013e                  PMDOUT2 = 0x13e
                    0x013e                  _PMDOUT2 = 0x13e
                    0x0140                  PMDIN1 = 0x140
                    0x0140                  _PMDIN1 = 0x140
                    0x0142                  PMDIN2 = 0x142
                    0x0142                  _PMDIN2 = 0x142
                    0x0144                  PMSTAT = 0x144
                    0x0144                  _PMSTAT = 0x144
                    0x0144                  _PMSTATbits = 0x144
                    0x0158                  CRCCON1 = 0x158
                    0x0158                  _CRCCON1 = 0x158
                    0x0158                  _CRCCON1bits = 0x158
                    0x015a                  CRCCON2 = 0x15a
                    0x015a                  _CRCCON2 = 0x15a
                    0x015a                  _CRCCON2bits = 0x15a
                    0x015c                  CRCXORL = 0x15c
                    0x015c                  _CRCXORL = 0x15c
                    0x015c                  _CRCXORLbits = 0x15c
                    0x015e                  CRCXORH = 0x15e
                    0x015e                  _CRCXORH = 0x15e
                    0x015e                  _CRCXORHbits = 0x15e
                    0x0160                  CRCDAT = 0x160
                    0x0160                  _CRCDAT = 0x160
                    0x0160                  CRCDATL = 0x160
                    0x0160                  _CRCDATL = 0x160
                    0x0162                  CRCDATH = 0x162
                    0x0162                  _CRCDATH = 0x162
                    0x0164                  CRCWDAT = 0x164
                    0x0164                  _CRCWDAT = 0x164
                    0x0164                  CRCWDATL = 0x164
                    0x0164                  _CRCWDATL = 0x164
                    0x0166                  CRCWDATH = 0x166
                    0x0166                  _CRCWDATH = 0x166
                    0x0168                  REFOCON1 = 0x168
                    0x0168                  _REFOCON1 = 0x168
                    0x0168                  _REFOCON1bits = 0x168
                    0x0168                  REFOCONL = 0x168
                    0x0168                  _REFOCONL = 0x168
                    0x0168                  _REFOCONLbits = 0x168
                    0x016a                  REFOCON2 = 0x16a
                    0x016a                  _REFOCON2 = 0x16a
                    0x016a                  _REFOCON2bits = 0x16a
                    0x016a                  REFOCONH = 0x16a
                    0x016a                  _REFOCONH = 0x16a
                    0x016a                  _REFOCONHbits = 0x16a
                    0x0178                  PMD1 = 0x178
                    0x0178                  _PMD1 = 0x178
                    0x0178                  _PMD1bits = 0x178
                    0x017a                  PMD2 = 0x17a
                    0x017a                  _PMD2 = 0x17a
                    0x017a                  _PMD2bits = 0x17a
                    0x017c                  PMD3 = 0x17c
                    0x017c                  _PMD3 = 0x17c
                    0x017c                  _PMD3bits = 0x17c
                    0x017e                  PMD4 = 0x17e
                    0x017e                  _PMD4 = 0x17e
                    0x017e                  _PMD4bits = 0x17e
                    0x0180                  PMD5 = 0x180
                    0x0180                  _PMD5 = 0x180
                    0x0180                  _PMD5bits = 0x180
                    0x0182                  PMD6 = 0x182
                    0x0182                  _PMD6 = 0x182
                    0x0182                  _PMD6bits = 0x182
                    0x0184                  PMD7 = 0x184
                    0x0184                  _PMD7 = 0x184
                    0x0184                  _PMD7bits = 0x184
                    0x0186                  PMD8 = 0x186
                    0x0186                  _PMD8 = 0x186
                    0x0186                  _PMD8bits = 0x186
                    0x0190                  TMR1 = 0x190
                    0x0190                  _TMR1 = 0x190
                    0x0192                  PR1 = 0x192
                    0x0192                  _PR1 = 0x192
                    0x0194                  T1CON = 0x194
                    0x0194                  _T1CON = 0x194
                    0x0194                  _T1CONbits = 0x194
                    0x0196                  TMR2 = 0x196
                    0x0196                  _TMR2 = 0x196
                    0x0198                  TMR3HLD = 0x198
                    0x0198                  _TMR3HLD = 0x198
                    0x019a                  TMR3 = 0x19a
                    0x019a                  _TMR3 = 0x19a
                    0x019c                  PR2 = 0x19c
                    0x019c                  _PR2 = 0x19c
                    0x019e                  PR3 = 0x19e
                    0x019e                  _PR3 = 0x19e
                    0x01a0                  T2CON = 0x1a0
                    0x01a0                  _T2CON = 0x1a0
                    0x01a0                  _T2CONbits = 0x1a0
                    0x01a2                  T3CON = 0x1a2
                    0x01a2                  _T3CON = 0x1a2
                    0x01a2                  _T3CONbits = 0x1a2
                    0x01a4                  TMR4 = 0x1a4
                    0x01a4                  _TMR4 = 0x1a4
                    0x01a6                  TMR5HLD = 0x1a6
                    0x01a6                  _TMR5HLD = 0x1a6
                    0x01a8                  TMR5 = 0x1a8
                    0x01a8                  _TMR5 = 0x1a8
                    0x01aa                  PR4 = 0x1aa
                    0x01aa                  _PR4 = 0x1aa
                    0x01ac                  PR5 = 0x1ac
                    0x01ac                  _PR5 = 0x1ac
                    0x01ae                  T4CON = 0x1ae
                    0x01ae                  _T4CON = 0x1ae
                    0x01ae                  _T4CONbits = 0x1ae
                    0x01b0                  T5CON = 0x1b0
                    0x01b0                  _T5CON = 0x1b0
                    0x01b0                  _T5CONbits = 0x1b0
                    0x01c0                  CTMUCON1L = 0x1c0
                    0x01c0                  _CTMUCON1L = 0x1c0
                    0x01c0                  _CTMUCON1Lbits = 0x1c0
                    0x01c2                  CTMUCON1H = 0x1c2
                    0x01c2                  _CTMUCON1H = 0x1c2
                    0x01c2                  _CTMUCON1Hbits = 0x1c2
                    0x01c4                  CTMUCON2L = 0x1c4
                    0x01c4                  _CTMUCON2L = 0x1c4
                    0x01c4                  _CTMUCON2Lbits = 0x1c4
                    0x01cc                  RTCCON1L = 0x1cc
                    0x01cc                  _RTCCON1L = 0x1cc
                    0x01cc                  _RTCCON1Lbits = 0x1cc
                    0x01ce                  RTCCON1H = 0x1ce
                    0x01ce                  _RTCCON1H = 0x1ce
                    0x01ce                  _RTCCON1Hbits = 0x1ce
                    0x01d0                  RTCCON2L = 0x1d0
                    0x01d0                  _RTCCON2L = 0x1d0
                    0x01d0                  _RTCCON2Lbits = 0x1d0
                    0x01d2                  RTCCON2H = 0x1d2
                    0x01d2                  _RTCCON2H = 0x1d2
                    0x01d4                  RTCCON3L = 0x1d4
                    0x01d4                  _RTCCON3L = 0x1d4
                    0x01d4                  _RTCCON3Lbits = 0x1d4
                    0x01d8                  RTCSTATL = 0x1d8
                    0x01d8                  _RTCSTATL = 0x1d8
                    0x01d8                  _RTCSTATLbits = 0x1d8
                    0x01dc                  TIMEL = 0x1dc
                    0x01dc                  _TIMEL = 0x1dc
                    0x01dc                  _TIMELbits = 0x1dc
                    0x01de                  TIMEH = 0x1de
                    0x01de                  _TIMEH = 0x1de
                    0x01de                  _TIMEHbits = 0x1de
                    0x01e0                  DATEL = 0x1e0
                    0x01e0                  _DATEL = 0x1e0
                    0x01e0                  _DATELbits = 0x1e0
                    0x01e2                  DATEH = 0x1e2
                    0x01e2                  _DATEH = 0x1e2
                    0x01e2                  _DATEHbits = 0x1e2
                    0x01e4                  ALMTIMEL = 0x1e4
                    0x01e4                  _ALMTIMEL = 0x1e4
                    0x01e4                  _ALMTIMELbits = 0x1e4
                    0x01e6                  ALMTIMEH = 0x1e6
                    0x01e6                  _ALMTIMEH = 0x1e6
                    0x01e6                  _ALMTIMEHbits = 0x1e6
                    0x01e8                  ALMDATEL = 0x1e8
                    0x01e8                  _ALMDATEL = 0x1e8
                    0x01e8                  _ALMDATELbits = 0x1e8
                    0x01ea                  ALMDATEH = 0x1ea
                    0x01ea                  _ALMDATEH = 0x1ea
                    0x01ea                  _ALMDATEHbits = 0x1ea
                    0x01ec                  TSATIMEL = 0x1ec
                    0x01ec                  _TSATIMEL = 0x1ec
                    0x01ec                  _TSATIMELbits = 0x1ec
                    0x01ee                  TSATIMEH = 0x1ee
                    0x01ee                  _TSATIMEH = 0x1ee
                    0x01ee                  _TSATIMEHbits = 0x1ee
                    0x01f0                  TSADATEL = 0x1f0
                    0x01f0                  _TSADATEL = 0x1f0
                    0x01f0                  _TSADATELbits = 0x1f0
                    0x01f2                  TSADATEH = 0x1f2
                    0x01f2                  _TSADATEH = 0x1f2
                    0x01f2                  _TSADATEHbits = 0x1f2
                    0x0200                  IC1CON1 = 0x200
                    0x0200                  _IC1CON1 = 0x200
                    0x0200                  _IC1CON1bits = 0x200
                    0x0202                  IC1CON2 = 0x202
                    0x0202                  _IC1CON2 = 0x202
                    0x0202                  _IC1CON2bits = 0x202
                    0x0204                  IC1BUF = 0x204
                    0x0204                  _IC1BUF = 0x204
                    0x0206                  IC1TMR = 0x206
                    0x0206                  _IC1TMR = 0x206
                    0x0208                  IC2CON1 = 0x208
                    0x0208                  _IC2CON1 = 0x208
                    0x0208                  _IC2CON1bits = 0x208
                    0x020a                  IC2CON2 = 0x20a
                    0x020a                  _IC2CON2 = 0x20a
                    0x020a                  _IC2CON2bits = 0x20a
                    0x020c                  IC2BUF = 0x20c
                    0x020c                  _IC2BUF = 0x20c
                    0x020e                  IC2TMR = 0x20e
                    0x020e                  _IC2TMR = 0x20e
                    0x0210                  IC3CON1 = 0x210
                    0x0210                  _IC3CON1 = 0x210
                    0x0210                  _IC3CON1bits = 0x210
                    0x0212                  IC3CON2 = 0x212
                    0x0212                  _IC3CON2 = 0x212
                    0x0212                  _IC3CON2bits = 0x212
                    0x0214                  IC3BUF = 0x214
                    0x0214                  _IC3BUF = 0x214
                    0x0216                  IC3TMR = 0x216
                    0x0216                  _IC3TMR = 0x216
                    0x0218                  IC4CON1 = 0x218
                    0x0218                  _IC4CON1 = 0x218
                    0x0218                  _IC4CON1bits = 0x218
                    0x021a                  IC4CON2 = 0x21a
                    0x021a                  _IC4CON2 = 0x21a
                    0x021a                  _IC4CON2bits = 0x21a
                    0x021c                  IC4BUF = 0x21c
                    0x021c                  _IC4BUF = 0x21c
                    0x021e                  IC4TMR = 0x21e
                    0x021e                  _IC4TMR = 0x21e
                    0x0220                  IC5CON1 = 0x220
                    0x0220                  _IC5CON1 = 0x220
                    0x0220                  _IC5CON1bits = 0x220
                    0x0222                  IC5CON2 = 0x222
                    0x0222                  _IC5CON2 = 0x222
                    0x0222                  _IC5CON2bits = 0x222
                    0x0224                  IC5BUF = 0x224
                    0x0224                  _IC5BUF = 0x224
                    0x0226                  IC5TMR = 0x226
                    0x0226                  _IC5TMR = 0x226
                    0x0228                  IC6CON1 = 0x228
                    0x0228                  _IC6CON1 = 0x228
                    0x0228                  _IC6CON1bits = 0x228
                    0x022a                  IC6CON2 = 0x22a
                    0x022a                  _IC6CON2 = 0x22a
                    0x022a                  _IC6CON2bits = 0x22a
                    0x022c                  IC6BUF = 0x22c
                    0x022c                  _IC6BUF = 0x22c
                    0x022e                  IC6TMR = 0x22e
                    0x022e                  _IC6TMR = 0x22e
                    0x0230                  OC1CON1 = 0x230
                    0x0230                  _OC1CON1 = 0x230
                    0x0230                  _OC1CON1bits = 0x230
                    0x0232                  OC1CON2 = 0x232
                    0x0232                  _OC1CON2 = 0x232
                    0x0232                  _OC1CON2bits = 0x232
                    0x0234                  OC1RS = 0x234
                    0x0234                  _OC1RS = 0x234
                    0x0236                  OC1R = 0x236
                    0x0236                  _OC1R = 0x236
                    0x0238                  OC1TMR = 0x238
                    0x0238                  _OC1TMR = 0x238
                    0x023a                  OC2CON1 = 0x23a
                    0x023a                  _OC2CON1 = 0x23a
                    0x023a                  _OC2CON1bits = 0x23a
                    0x023c                  OC2CON2 = 0x23c
                    0x023c                  _OC2CON2 = 0x23c
                    0x023c                  _OC2CON2bits = 0x23c
                    0x023e                  OC2RS = 0x23e
                    0x023e                  _OC2RS = 0x23e
                    0x0240                  OC2R = 0x240
                    0x0240                  _OC2R = 0x240
                    0x0242                  OC2TMR = 0x242
                    0x0242                  _OC2TMR = 0x242
                    0x0244                  OC3CON1 = 0x244
                    0x0244                  _OC3CON1 = 0x244
                    0x0244                  _OC3CON1bits = 0x244
                    0x0246                  OC3CON2 = 0x246
                    0x0246                  _OC3CON2 = 0x246
                    0x0246                  _OC3CON2bits = 0x246
                    0x0248                  OC3RS = 0x248
                    0x0248                  _OC3RS = 0x248
                    0x024a                  OC3R = 0x24a
                    0x024a                  _OC3R = 0x24a
                    0x024c                  OC3TMR = 0x24c
                    0x024c                  _OC3TMR = 0x24c
                    0x024e                  OC4CON1 = 0x24e
                    0x024e                  _OC4CON1 = 0x24e
                    0x024e                  _OC4CON1bits = 0x24e
                    0x0250                  OC4CON2 = 0x250
                    0x0250                  _OC4CON2 = 0x250
                    0x0250                  _OC4CON2bits = 0x250
                    0x0252                  OC4RS = 0x252
                    0x0252                  _OC4RS = 0x252
                    0x0254                  OC4R = 0x254
                    0x0254                  _OC4R = 0x254
                    0x0256                  OC4TMR = 0x256
                    0x0256                  _OC4TMR = 0x256
                    0x0258                  OC5CON1 = 0x258
                    0x0258                  _OC5CON1 = 0x258
                    0x0258                  _OC5CON1bits = 0x258
                    0x025a                  OC5CON2 = 0x25a
                    0x025a                  _OC5CON2 = 0x25a
                    0x025a                  _OC5CON2bits = 0x25a
                    0x025c                  OC5RS = 0x25c
                    0x025c                  _OC5RS = 0x25c
                    0x025e                  OC5R = 0x25e
                    0x025e                  _OC5R = 0x25e
                    0x0260                  OC5TMR = 0x260
                    0x0260                  _OC5TMR = 0x260
                    0x0262                  OC6CON1 = 0x262
                    0x0262                  _OC6CON1 = 0x262
                    0x0262                  _OC6CON1bits = 0x262
                    0x0264                  OC6CON2 = 0x264
                    0x0264                  _OC6CON2 = 0x264
                    0x0264                  _OC6CON2bits = 0x264
                    0x0266                  OC6RS = 0x266
                    0x0266                  _OC6RS = 0x266
                    0x0268                  OC6R = 0x268
                    0x0268                  _OC6R = 0x268
                    0x026a                  OC6TMR = 0x26a
                    0x026a                  _OC6TMR = 0x26a
                    0x026c                  CCP1CON1L = 0x26c
                    0x026c                  _CCP1CON1L = 0x26c
                    0x026c                  _CCP1CON1Lbits = 0x26c
                    0x026e                  CCP1CON1H = 0x26e
                    0x026e                  _CCP1CON1H = 0x26e
                    0x026e                  _CCP1CON1Hbits = 0x26e
                    0x0270                  CCP1CON2L = 0x270
                    0x0270                  _CCP1CON2L = 0x270
                    0x0270                  _CCP1CON2Lbits = 0x270
                    0x0272                  CCP1CON2H = 0x272
                    0x0272                  _CCP1CON2H = 0x272
                    0x0272                  _CCP1CON2Hbits = 0x272
                    0x0274                  CCP1CON3L = 0x274
                    0x0274                  _CCP1CON3L = 0x274
                    0x0274                  _CCP1CON3Lbits = 0x274
                    0x0276                  CCP1CON3H = 0x276
                    0x0276                  _CCP1CON3H = 0x276
                    0x0276                  _CCP1CON3Hbits = 0x276
                    0x0278                  CCP1STAT = 0x278
                    0x0278                  _CCP1STAT = 0x278
                    0x0278                  _CCP1STATbits = 0x278
                    0x0278                  CCP1STATL = 0x278
                    0x0278                  _CCP1STATL = 0x278
                    0x0278                  _CCP1STATLbits = 0x278
                    0x027a                  CCP1STATH = 0x27a
                    0x027a                  _CCP1STATH = 0x27a
                    0x027a                  _CCP1STATHbits = 0x27a
                    0x027c                  CCP1TMRL = 0x27c
                    0x027c                  _CCP1TMRL = 0x27c
                    0x027e                  CCP1TMRH = 0x27e
                    0x027e                  _CCP1TMRH = 0x27e
                    0x0280                  CCP1PRL = 0x280
                    0x0280                  _CCP1PRL = 0x280
                    0x0282                  CCP1PRH = 0x282
                    0x0282                  _CCP1PRH = 0x282
                    0x0284                  CCP1RA = 0x284
                    0x0284                  _CCP1RA = 0x284
                    0x0284                  CCP1RAL = 0x284
                    0x0284                  _CCP1RAL = 0x284
                    0x0286                  CCP1RAH = 0x286
                    0x0286                  _CCP1RAH = 0x286
                    0x0288                  CCP1RB = 0x288
                    0x0288                  _CCP1RB = 0x288
                    0x0288                  CCP1RBL = 0x288
                    0x0288                  _CCP1RBL = 0x288
                    0x028a                  CCP1RBH = 0x28a
                    0x028a                  _CCP1RBH = 0x28a
                    0x028c                  CCP1BUFL = 0x28c
                    0x028c                  _CCP1BUFL = 0x28c
                    0x028e                  CCP1BUFH = 0x28e
                    0x028e                  _CCP1BUFH = 0x28e
                    0x0290                  CCP2CON1L = 0x290
                    0x0290                  _CCP2CON1L = 0x290
                    0x0290                  _CCP2CON1Lbits = 0x290
                    0x0292                  CCP2CON1H = 0x292
                    0x0292                  _CCP2CON1H = 0x292
                    0x0292                  _CCP2CON1Hbits = 0x292
                    0x0294                  CCP2CON2L = 0x294
                    0x0294                  _CCP2CON2L = 0x294
                    0x0294                  _CCP2CON2Lbits = 0x294
                    0x0296                  CCP2CON2H = 0x296
                    0x0296                  _CCP2CON2H = 0x296
                    0x0296                  _CCP2CON2Hbits = 0x296
                    0x0298                  CCP2CON3L = 0x298
                    0x0298                  _CCP2CON3L = 0x298
                    0x0298                  _CCP2CON3Lbits = 0x298
                    0x029a                  CCP2CON3H = 0x29a
                    0x029a                  _CCP2CON3H = 0x29a
                    0x029a                  _CCP2CON3Hbits = 0x29a
                    0x029c                  CCP2STAT = 0x29c
                    0x029c                  _CCP2STAT = 0x29c
                    0x029c                  _CCP2STATbits = 0x29c
                    0x029c                  CCP2STATL = 0x29c
                    0x029c                  _CCP2STATL = 0x29c
                    0x029c                  _CCP2STATLbits = 0x29c
                    0x029e                  CCP2STATH = 0x29e
                    0x029e                  _CCP2STATH = 0x29e
                    0x029e                  _CCP2STATHbits = 0x29e
                    0x02a0                  CCP2TMRL = 0x2a0
                    0x02a0                  _CCP2TMRL = 0x2a0
                    0x02a2                  CCP2TMRH = 0x2a2
                    0x02a2                  _CCP2TMRH = 0x2a2
                    0x02a4                  CCP2PRL = 0x2a4
                    0x02a4                  _CCP2PRL = 0x2a4
                    0x02a6                  CCP2PRH = 0x2a6
                    0x02a6                  _CCP2PRH = 0x2a6
                    0x02a8                  CCP2RA = 0x2a8
                    0x02a8                  _CCP2RA = 0x2a8
                    0x02a8                  CCP2RAL = 0x2a8
                    0x02a8                  _CCP2RAL = 0x2a8
                    0x02aa                  CCP2RAH = 0x2aa
                    0x02aa                  _CCP2RAH = 0x2aa
                    0x02ac                  CCP2RB = 0x2ac
                    0x02ac                  _CCP2RB = 0x2ac
                    0x02ac                  CCP2RBL = 0x2ac
                    0x02ac                  _CCP2RBL = 0x2ac
                    0x02ae                  CCP2RBH = 0x2ae
                    0x02ae                  _CCP2RBH = 0x2ae
                    0x02b0                  CCP2BUFL = 0x2b0
                    0x02b0                  _CCP2BUFL = 0x2b0
                    0x02b2                  CCP2BUFH = 0x2b2
                    0x02b2                  _CCP2BUFH = 0x2b2
                    0x02b4                  CCP3CON1L = 0x2b4
                    0x02b4                  _CCP3CON1L = 0x2b4
                    0x02b4                  _CCP3CON1Lbits = 0x2b4
                    0x02b6                  CCP3CON1H = 0x2b6
                    0x02b6                  _CCP3CON1H = 0x2b6
                    0x02b6                  _CCP3CON1Hbits = 0x2b6
                    0x02b8                  CCP3CON2L = 0x2b8
                    0x02b8                  _CCP3CON2L = 0x2b8
                    0x02b8                  _CCP3CON2Lbits = 0x2b8
                    0x02ba                  CCP3CON2H = 0x2ba
                    0x02ba                  _CCP3CON2H = 0x2ba
                    0x02ba                  _CCP3CON2Hbits = 0x2ba
                    0x02bc                  CCP3CON3L = 0x2bc
                    0x02bc                  _CCP3CON3L = 0x2bc
                    0x02bc                  _CCP3CON3Lbits = 0x2bc
                    0x02be                  CCP3CON3H = 0x2be
                    0x02be                  _CCP3CON3H = 0x2be
                    0x02be                  _CCP3CON3Hbits = 0x2be
                    0x02c0                  CCP3STAT = 0x2c0
                    0x02c0                  _CCP3STAT = 0x2c0
                    0x02c0                  _CCP3STATbits = 0x2c0
                    0x02c0                  CCP3STATL = 0x2c0
                    0x02c0                  _CCP3STATL = 0x2c0
                    0x02c0                  _CCP3STATLbits = 0x2c0
                    0x02c2                  CCP3STATH = 0x2c2
                    0x02c2                  _CCP3STATH = 0x2c2
                    0x02c2                  _CCP3STATHbits = 0x2c2
                    0x02c4                  CCP3TMRL = 0x2c4
                    0x02c4                  _CCP3TMRL = 0x2c4
                    0x02c6                  CCP3TMRH = 0x2c6
                    0x02c6                  _CCP3TMRH = 0x2c6
                    0x02c8                  CCP3PRL = 0x2c8
                    0x02c8                  _CCP3PRL = 0x2c8
                    0x02ca                  CCP3PRH = 0x2ca
                    0x02ca                  _CCP3PRH = 0x2ca
                    0x02cc                  CCP3RA = 0x2cc
                    0x02cc                  _CCP3RA = 0x2cc
                    0x02cc                  CCP3RAL = 0x2cc
                    0x02cc                  _CCP3RAL = 0x2cc
                    0x02ce                  CCP3RAH = 0x2ce
                    0x02ce                  _CCP3RAH = 0x2ce
                    0x02d0                  CCP3RB = 0x2d0
                    0x02d0                  _CCP3RB = 0x2d0
                    0x02d0                  CCP3RBL = 0x2d0
                    0x02d0                  _CCP3RBL = 0x2d0
                    0x02d2                  CCP3RBH = 0x2d2
                    0x02d2                  _CCP3RBH = 0x2d2
                    0x02d4                  CCP3BUFL = 0x2d4
                    0x02d4                  _CCP3BUFL = 0x2d4
                    0x02d6                  CCP3BUFH = 0x2d6
                    0x02d6                  _CCP3BUFH = 0x2d6
                    0x02e6                  CMSTAT = 0x2e6
                    0x02e6                  _CMSTAT = 0x2e6
                    0x02e6                  _CMSTATbits = 0x2e6
                    0x02e8                  CVRCON = 0x2e8
                    0x02e8                  _CVRCON = 0x2e8
                    0x02e8                  _CVRCONbits = 0x2e8
                    0x02ea                  CM1CON = 0x2ea
                    0x02ea                  _CM1CON = 0x2ea
                    0x02ea                  _CM1CONbits = 0x2ea
                    0x02ec                  CM2CON = 0x2ec
                    0x02ec                  _CM2CON = 0x2ec
                    0x02ec                  _CM2CONbits = 0x2ec
                    0x02ee                  CM3CON = 0x2ee
                    0x02ee                  _CM3CON = 0x2ee
                    0x02ee                  _CM3CONbits = 0x2ee
                    0x02f4                  ANCFG = 0x2f4
                    0x02f4                  _ANCFG = 0x2f4
                    0x02f4                  _ANCFGbits = 0x2f4
                    0x0300                  CCP4CON1L = 0x300
                    0x0300                  _CCP4CON1L = 0x300
                    0x0300                  _CCP4CON1Lbits = 0x300
                    0x0302                  CCP4CON1H = 0x302
                    0x0302                  _CCP4CON1H = 0x302
                    0x0302                  _CCP4CON1Hbits = 0x302
                    0x0304                  CCP4CON2L = 0x304
                    0x0304                  _CCP4CON2L = 0x304
                    0x0304                  _CCP4CON2Lbits = 0x304
                    0x0306                  CCP4CON2H = 0x306
                    0x0306                  _CCP4CON2H = 0x306
                    0x0306                  _CCP4CON2Hbits = 0x306
                    0x0308                  CCP4CON3L = 0x308
                    0x0308                  _CCP4CON3L = 0x308
                    0x030a                  CCP4CON3H = 0x30a
                    0x030a                  _CCP4CON3H = 0x30a
                    0x030a                  _CCP4CON3Hbits = 0x30a
                    0x030c                  CCP4STAT = 0x30c
                    0x030c                  _CCP4STAT = 0x30c
                    0x030c                  _CCP4STATbits = 0x30c
                    0x030c                  CCP4STATL = 0x30c
                    0x030c                  _CCP4STATL = 0x30c
                    0x030c                  _CCP4STATLbits = 0x30c
                    0x030e                  CCP4STATH = 0x30e
                    0x030e                  _CCP4STATH = 0x30e
                    0x030e                  _CCP4STATHbits = 0x30e
                    0x0310                  CCP4TMRL = 0x310
                    0x0310                  _CCP4TMRL = 0x310
                    0x0312                  CCP4TMRH = 0x312
                    0x0312                  _CCP4TMRH = 0x312
                    0x0314                  CCP4PRL = 0x314
                    0x0314                  _CCP4PRL = 0x314
                    0x0316                  CCP4PRH = 0x316
                    0x0316                  _CCP4PRH = 0x316
                    0x0318                  CCP4RA = 0x318
                    0x0318                  _CCP4RA = 0x318
                    0x0318                  CCP4RAL = 0x318
                    0x0318                  _CCP4RAL = 0x318
                    0x031a                  CCP4RAH = 0x31a
                    0x031a                  _CCP4RAH = 0x31a
                    0x031c                  CCP4RB = 0x31c
                    0x031c                  _CCP4RB = 0x31c
                    0x031c                  CCP4RBL = 0x31c
                    0x031c                  _CCP4RBL = 0x31c
                    0x031e                  CCP4RBH = 0x31e
                    0x031e                  _CCP4RBH = 0x31e
                    0x0320                  CCP4BUFL = 0x320
                    0x0320                  _CCP4BUFL = 0x320
                    0x0322                  CCP4BUFH = 0x322
                    0x0322                  _CCP4BUFH = 0x322
                    0x0324                  CCP5CON1L = 0x324
                    0x0324                  _CCP5CON1L = 0x324
                    0x0324                  _CCP5CON1Lbits = 0x324
                    0x0326                  CCP5CON1H = 0x326
                    0x0326                  _CCP5CON1H = 0x326
                    0x0326                  _CCP5CON1Hbits = 0x326
                    0x0328                  CCP5CON2L = 0x328
                    0x0328                  _CCP5CON2L = 0x328
                    0x0328                  _CCP5CON2Lbits = 0x328
                    0x032a                  CCP5CON2H = 0x32a
                    0x032a                  _CCP5CON2H = 0x32a
                    0x032a                  _CCP5CON2Hbits = 0x32a
                    0x032c                  CCP5CON3L = 0x32c
                    0x032c                  _CCP5CON3L = 0x32c
                    0x032e                  CCP5CON3H = 0x32e
                    0x032e                  _CCP5CON3H = 0x32e
                    0x032e                  _CCP5CON3Hbits = 0x32e
                    0x0330                  CCP5STAT = 0x330
                    0x0330                  _CCP5STAT = 0x330
                    0x0330                  _CCP5STATbits = 0x330
                    0x0330                  CCP5STATL = 0x330
                    0x0330                  _CCP5STATL = 0x330
                    0x0330                  _CCP5STATLbits = 0x330
                    0x0332                  CCP5STATH = 0x332
                    0x0332                  _CCP5STATH = 0x332
                    0x0332                  _CCP5STATHbits = 0x332
                    0x0334                  CCP5TMRL = 0x334
                    0x0334                  _CCP5TMRL = 0x334